Resolving dependencies...
Downloading packages...
  _fe_analyzer_shared 67.0.0 (98.0.0 available)
  analyzer 6.4.1 (12.0.0 available)
  build 2.4.1 (4.0.5 available)
  build_config 1.1.2 (1.3.0 available)
  build_resolvers 2.4.2 (3.0.4 available)
  build_runner 2.4.13 (2.13.1 available)
  build_runner_core 7.3.2 (9.3.2 available)
  dart_style 2.3.6 (3.1.8 available)
  meta 1.17.0 (1.18.2 available)
  shelf_web_socket 2.0.1 (3.0.0 available)
  source_gen 1.5.0 (4.2.2 available)
  source_helper 1.3.5 (1.3.11 available)
  test_api 0.7.10 (0.7.11 available)
  vector_math 2.2.0 (2.3.0 available)
Got dependencies!
14 packages have newer versions incompatible with dependency constraints.
Try `flutter pub outdated` for more information.
Running Gradle task 'assembleRelease'...                        
flutter : 
lib/ui/screens/calendar_screen.dart:121:25: Error: 
No named parameter with the name 'key'.
At line:1 char:1
+ flutter build apk > build_output.txt 2>&1
+ ~~~~~~~~~~~~~~~~~~~~~~~~~~~~~~~~~~~~~~~~~
    + CategoryInfo          : NotSpecified: (lib/ui/ 
   screens/...the name 'key'.:String) [], RemoteExc  
  eption
    + FullyQualifiedErrorId : NativeCommandError
 
                        key: 
ValueKey(logList.first.id),
                        ^^^
lib/ui/screens/calendar_screen.dart:159:9: Context: 
Found this candidate, but the arguments don't match.
  const _HistoricalLogCard({required this.log});
        ^^^^^^^^^^^^^^^^^^
Target kernel_snapshot_program failed: Exception


FAILURE: Build failed with an exception.

* What went wrong:
Execution failed for task 
':app:compileFlutterBuildRelease'.
> Process 'command 'C:\src\flutter_windows_3.41.4-sta
ble\flutter\bin\flutter.bat'' finished with non-zero 
exit value 1

* Try:
> Run with --stacktrace option to get the stack 
trace.
> Run with --info or --debug option to get more log 
output.
> Run with --scan to get full insights.
> Get more help at https://help.gradle.org.

BUILD FAILED in 13s
Running Gradle task 'assembleRelease'...                           13.5s
Gradle task assembleRelease failed with exit code 1
